// Jest Snapshot v1, https://goo.gl/fbAQLP

exports[`AliasDialog should match the snapshot 1`] = `
<div data-app=""><button type="button" class="v-btn v-btn--is-elevated v-btn--has-bg theme--light v-size--default primary my-5" id="add-alias-btn" role="button" aria-haspopup="true" aria-expanded="true"><span class="v-btn__content">
        Add Alias
      </span></button>
  <div role="dialog" class="v-dialog__container">
    <div role="document" tabindex="0" class="v-dialog__content v-dialog__content--active" style="z-index: 202;">
      <transition-stub name="dialog-transition" appear="true">
        <div class="v-dialog v-dialog--active" style="transform-origin: center center;">
          <div class="alias-container">
            <form novalidate="novalidate" class="v-form form-container">
              <div class="row">
                <div class="col-sm-3 col-md-5 col-6">
                  <div class="v-input theme--light v-text-field">
                    <div class="v-input__control">
                      <div class="v-input__slot">
                        <div class="v-text-field__slot"><label for="last-name" class="v-label theme--light" style="left: 0px; position: absolute;">Previous Last Name</label><input required="required" id="last-name" type="text"></div>
                      </div>
                      <div class="v-text-field__details">
                        <div class="v-messages theme--light">
                          <transition-group-stub tag="div" name="message-transition" class="v-messages__wrapper"></transition-group-stub>
                        </div>
                      </div>
                    </div>
                  </div>
                </div>
                <div class="col-sm-3 col-md-5 col-6">
                  <div class="v-input theme--light v-text-field">
                    <div class="v-input__control">
                      <div class="v-input__slot">
                        <div class="v-text-field__slot"><label for="first-name" class="v-label theme--light" style="left: 0px; position: absolute;">Previous First name</label><input required="required" id="first-name" type="text"></div>
                      </div>
                      <div class="v-text-field__details">
                        <div class="v-messages theme--light">
                          <transition-group-stub tag="div" name="message-transition" class="v-messages__wrapper"></transition-group-stub>
                        </div>
                      </div>
                    </div>
                  </div>
                </div>
                <div class="col-sm-3 col-md-5 col-6">
                  <div class="v-input theme--light v-text-field">
                    <div class="v-input__control">
                      <div class="v-input__slot">
                        <div class="v-text-field__slot"><label for="input-14" class="v-label theme--light" style="left: 0px; position: absolute;">Previous Middle name</label><input id="input-14" type="text"></div>
                      </div>
                      <div class="v-text-field__details">
                        <div class="v-messages theme--light">
                          <transition-group-stub tag="div" name="message-transition" class="v-messages__wrapper"></transition-group-stub>
                        </div>
                      </div>
                    </div>
                  </div>
                </div>
              </div>
              <div class="row">
                <div class="col-sm-3 col-md-5 col-6">
                  <div class="v-input theme--light v-text-field">
                    <div class="v-input__control">
                      <div class="v-input__slot">
                        <div class="v-text-field__slot"><label for="input-17" class="v-label theme--light" style="left: 0px; position: absolute;">City Where Changed</label><input id="input-17" type="text"></div>
                      </div>
                      <div class="v-text-field__details">
                        <div class="v-messages theme--light">
                          <transition-group-stub tag="div" name="message-transition" class="v-messages__wrapper"></transition-group-stub>
                        </div>
                      </div>
                    </div>
                  </div>
                </div>
                <div class="col-sm-3 col-md-5 col-6">
                  <div class="v-input theme--light v-text-field">
                    <div class="v-input__control">
                      <div class="v-input__slot">
                        <div class="v-text-field__slot"><label for="input-20" class="v-label theme--light" style="left: 0px; position: absolute;">State or Region where changed</label><input id="input-20" type="text"></div>
                      </div>
                      <div class="v-text-field__details">
                        <div class="v-messages theme--light">
                          <transition-group-stub tag="div" name="message-transition" class="v-messages__wrapper"></transition-group-stub>
                        </div>
                      </div>
                    </div>
                  </div>
                </div>
                <div class="col-sm-3 col-md-5 col-6">
                  <div class="v-input theme--light v-text-field">
                    <div class="v-input__control">
                      <div class="v-input__slot">
                        <div class="v-text-field__slot"><label for="input-23" class="v-label theme--light" style="left: 0px; position: absolute;">Court File number</label><input id="input-23" type="text"></div>
                      </div>
                      <div class="v-text-field__details">
                        <div class="v-messages theme--light">
                          <transition-group-stub tag="div" name="message-transition" class="v-messages__wrapper"></transition-group-stub>
                        </div>
                      </div>
                    </div>
                  </div>
                </div>
              </div>
            </form>
            <div class="mt-2 btn-container"><button type="button" disabled="disabled" class="mr-2 v-btn v-btn--disabled v-btn--has-bg theme--light v-size--default" id="submit-btn"><span class="v-btn__content">
          Submit
        </span></button> <button type="button" class="v-btn v-btn--is-elevated v-btn--has-bg theme--light v-size--default error"><span class="v-btn__content">
          Close
        </span></button></div>
          </div>
        </div>
      </transition-stub>
    </div>
  </div>
</div>
`;
