// Jest Snapshot v1, https://goo.gl/fbAQLP

exports[`CheckboxInput should match the snapshot 1`] = `
<div class="v-input theme--light v-input--selection-controls v-input--checkbox">
  <div class="v-input__control">
    <div class="v-input__slot">
      <div class="v-input--selection-controls__input"><i aria-hidden="true" class="v-icon notranslate mdi mdi-checkbox-blank-outline theme--light"></i><input aria-checked="false" id="input-2" role="checkbox" type="checkbox" value="">
        <div class="v-input--selection-controls__ripple"></div>
      </div><label for="input-2" class="v-label theme--light" style="left: 0px; position: relative;">test</label>
    </div>
    <div class="v-messages theme--light">
      <transition-group-stub tag="div" name="message-transition" class="v-messages__wrapper"></transition-group-stub>
    </div>
  </div>
</div>
`;
